==============================================================================
Tests                                                                         
==============================================================================
Tests.LoginPageTest :: Tests to Login to Login Page                           
==============================================================================
Validate Login with                                                   | PASS |
------------------------------------------------------------------------------
Validate Login with                                                   | PASS |
------------------------------------------------------------------------------
Validate Login with                                                   | PASS |
------------------------------------------------------------------------------
Validate Login with                                                   | PASS |
------------------------------------------------------------------------------
Validate Login with                                                   | PASS |
------------------------------------------------------------------------------
Validate Login with                                                   | PASS |
------------------------------------------------------------------------------
Validate Login with                                                   | PASS |
------------------------------------------------------------------------------
Validate Login with                                                   | PASS |
------------------------------------------------------------------------------
Validate Login with                                                   | PASS |
------------------------------------------------------------------------------
Tests.LoginPageTest :: Tests to Login to Login Page                   | PASS |
9 tests, 9 passed, 0 failed
==============================================================================
Tests                                                                 | PASS |
9 tests, 9 passed, 0 failed
==============================================================================
Output:  C:\Users\Lenovo\Desktop\SauceDemo-Project\Tests\pabot_results\14\output.xml
