==============================================================================
Tests                                                                         
==============================================================================
Tests.ProductpageTest :: Product page tests                                   
==============================================================================
verify the Logout button in the product page                          | PASS |
------------------------------------------------------------------------------
Tests.ProductpageTest :: Product page tests                           | PASS |
1 test, 1 passed, 0 failed
==============================================================================
Tests                                                                 | PASS |
1 test, 1 passed, 0 failed
==============================================================================
Output:  C:\Users\Lenovo\Desktop\SauceDemo-Project\Tests\pabot_results\8\output.xml
