==============================================================================
Tests                                                                         
==============================================================================
Tests.LoginPageTest :: Tests to Login to Login Page                           
==============================================================================
Tests.LoginPageTest :: Tests to Login to Login Page                   | SKIP |
0 tests, 0 passed, 0 failed
==============================================================================
Tests                                                                 | SKIP |
0 tests, 0 passed, 0 failed
==============================================================================
Output:  C:\Users\Lenovo\Desktop\SauceDemo-Project\Tests\pabot_results\22\output.xml
