[ WARN ] Multiple tests with name 'Validate Login with' executed in suite 'Tests.LoginPageTest'.
[ WARN ] Multiple tests with name 'Validate Login with' executed in suite 'Tests.LoginPageTest'.
[ WARN ] Multiple tests with name 'Validate Login with' executed in suite 'Tests.LoginPageTest'.
[ WARN ] Multiple tests with name 'Validate Login with' executed in suite 'Tests.LoginPageTest'.
[ WARN ] Multiple tests with name 'Validate Login with' executed in suite 'Tests.LoginPageTest'.
[ WARN ] Multiple tests with name 'Validate Login with' executed in suite 'Tests.LoginPageTest'.
[ WARN ] Multiple tests with name 'Validate Login with' executed in suite 'Tests.LoginPageTest'.
[ WARN ] Multiple tests with name 'Validate Login with' executed in suite 'Tests.LoginPageTest'.
