==============================================================================
Tests                                                                         
==============================================================================
Tests.Addtocarttest :: add to cart tests                                      
==============================================================================
Verify the product is added to cart                                   | PASS |
------------------------------------------------------------------------------
Tests.Addtocarttest :: add to cart tests                              | PASS |
1 test, 1 passed, 0 failed
==============================================================================
Tests                                                                 | PASS |
1 test, 1 passed, 0 failed
==============================================================================
Output:  C:\Users\Lenovo\Desktop\SauceDemo-Project\Tests\pabot_results\0\output.xml
