==============================================================================
Tests                                                                         
==============================================================================
Tests.ProductpageTest :: Product page tests                                   
==============================================================================
Validate the all item buttons in the menu                             | PASS |
------------------------------------------------------------------------------
Tests.ProductpageTest :: Product page tests                           | PASS |
1 test, 1 passed, 0 failed
==============================================================================
Tests                                                                 | PASS |
1 test, 1 passed, 0 failed
==============================================================================
Output:  C:\Users\Lenovo\Desktop\SauceDemo-Project\Tests\pabot_results\6\output.xml
